---
source: crates/qbit/tests/ai_events_characterization.rs
expression: json
---
{
  "type": "tool_approval_request",
  "request_id": "req-approval-1",
  "tool_name": "write_file",
  "args": {
    "path": "/src/lib.rs",
    "content": "// code"
  },
  "stats": {
    "tool_name": "write_file",
    "total_requests": 5,
    "approvals": 4,
    "denials": 1,
    "always_allow": false,
    "last_updated": "2023-11-14T22:13:20Z",
    "justifications": [
      "User approved",
      "Safe operation"
    ]
  },
  "risk_level": "medium",
  "can_learn": true,
  "suggestion": "1 more approval for auto-approve",
  "source": {
    "type": "main"
  }
}
