---
source: crates/qbit/tests/ai_events_characterization.rs
assertion_line: 479
expression: json
---
{
  "explanation": "Updated plan based on code analysis results",
  "steps": [
    {
      "status": "completed",
      "step": "Analyze the codebase"
    },
    {
      "status": "in_progress",
      "step": "Implement the feature"
    },
    {
      "status": "pending",
      "step": "Write tests"
    },
    {
      "status": "pending",
      "step": "Update documentation"
    }
  ],
  "summary": {
    "completed": 1,
    "in_progress": 1,
    "pending": 2,
    "total": 4
  },
  "type": "plan_updated",
  "version": 2
}
