---
source: crates/qbit/tests/ai_events_characterization.rs
expression: json
---
{
  "type": "tool_approval_request",
  "request_id": "req-approval-2",
  "tool_name": "shell_exec",
  "args": {
    "command": "ls -la"
  },
  "stats": null,
  "risk_level": "high",
  "can_learn": false,
  "suggestion": null,
  "source": {
    "type": "main"
  }
}
