---
source: crates/qbit/tests/ai_events_characterization.rs
expression: json
---
{
  "type": "plan_updated",
  "version": 1,
  "summary": {
    "total": 2,
    "completed": 0,
    "in_progress": 0,
    "pending": 2
  },
  "steps": [
    {
      "step": "Research the problem",
      "status": "pending"
    },
    {
      "step": "Implement solution",
      "status": "pending"
    }
  ],
  "explanation": null
}
